[cybersierra.co/index.html]
[cybersierra.co/wp-content/themes/cyber-sierra/assets/img/hamburger-dark.svg]
[cybersierra.co/wp-content/themes/cyber-sierra/assets/img/hamburger-toggle-dark.svg]
[backblue.gif]
[fade.gif]
[index.html]
[cybersierra.co/wp-content/plugins/menu-image/includes/css/menu-image6173.css]
[cybersierra.co/wp-includes/css/dashicons.minae48.css]
[cybersierra.co/wp-content/themes/cyber-sierra/style5bf7.css]
[cybersierra.co/feed/index.html]
[cybersierra.co/wp-content/themes/cyber-sierra/vendors/bootstrap/css/bootstrap.min5bf7.css]
[cybersierra.co/comments/feed/index.html]
[cybersierra.co/wp-content/themes/cyber-sierra/vendors/slick/slick5bf7.css]
[cybersierra.co/wp-content/themes/cyber-sierra/vendors/slick/slick-theme5bf7.css]
[cybersierra.co/wp-content/themes/cyber-sierra/assets/css/cyber-sierra.min5bf7.css]
[cybersierra.co/wp-content/themes/cyber-sierra/assets/css/custom.min5bf7.css]
[cybersierra.co/wp-includes/js/jquery/jquery.mina767.js]
[cybersierra.co/wp-content/plugins/mailchimp/js/scrollTo0322.js]
[cybersierra.co/wp-includes/js/jquery/jquery.form.minb2f9.js]
[cybersierra.co/wp-content/plugins/mailchimp/js/mailchimp0322.js]
[cybersierra.co/wp-includes/js/jquery/ui/core.min3f14.js]
[cybersierra.co/wp-content/plugins/mailchimp/js/datepickerae48.js]
[cybersierra.co/wp-content/plugins/cookie-law-info/lite/frontend/js/script.min6173.js]
[cybersierra.co/wp-content/plugins/google-analytics-premium/assets/js/frontend-gtag.min1dc6.js]
[cybersierra.co/wp-json/wp/v2/pages/5.json]
[cybersierra.co/wp-json/index.html]
[cybersierra.co/xmlrpc0db0.php]
[cybersierra.co/wp-includes/wlwmanifest.xml]
[cybersierra.co/wp-json/oembed/1.0/embedd32e.json]
[cybersierra.co/wp-json/oembed/1.0/embed5911]
[cybersierra.co/wp-content/uploads/2024/03/cropped-cropped-favicon-32x32.png]
[cybersierra.co/wp-content/uploads/2024/03/cropped-cropped-favicon-192x192.png]
[cybersierra.co/feed/podcast/index.html]
[cybersierra.co/wp-content/uploads/2024/03/cropped-cropped-favicon-180x180.png]
[cybersierra.co/wp-content/uploads/2024/03/file-06.svg]
[cybersierra.co/blog/cyber-sierra-recognized-in-the-gartner-hype-cycle/index.html]
[cybersierra.co/wp-content/uploads/2024/03/file-search-02.svg]
[cybersierra.co/pricing/index.html]
[cybersierra.co/wp-content/uploads/2024/03/mail-01-1.svg]
[cybersierra.co/blog/index.html]
[cybersierra.co/about-us/index.html]
[cybersierra.co/case-studies/index.html]
[cybersierra.co/newsletter/index.html]
[cybersierra.co/podcast-2/index.html]
[cybersierra.co/wp-content/uploads/2024/03/podcast.svg]
[cybersierra.co/book-a-demo/index.html]
[cybersierra.co/wp-content/themes/cyber-sierra/assets/img/hamburger-close.svg]
[cybersierra.co/wp-content/themes/cyber-sierra/assets/img/usecase-ccm.svg]
[cybersierra.co/wp-content/themes/cyber-sierra/assets/img/usecase-tprm.svg]
[cybersierra.co/use-case/ccm/index.html]
[cybersierra.co/wp-content/themes/cyber-sierra/assets/img/usecase-grc.svg]
[cybersierra.co/use-case/tprm/index.html]
[cybersierra.co/wp-content/themes/cyber-sierra/assets/img/industry-bfsi.svg]
[cybersierra.co/industry/bfsi/index.html]
[cybersierra.co/use-case/grc/index.html]
[cybersierra.co/wp-content/themes/cyber-sierra/assets/img/industry-manufacturing.svg]
[cybersierra.co/wp-content/themes/cyber-sierra/assets/img/ccm.svg]
[cybersierra.co/industry/health-tech/index.html]
[cybersierra.co/wp-content/themes/cyber-sierra/assets/img/tprm.svg]
[cybersierra.co/platform-tprm/index.html]
[cybersierra.co/wp-content/themes/cyber-sierra/assets/img/grc.svg]
[cybersierra.co/platform-governance-risk-compliance/index.html]
[cybersierra.co/wp-content/themes/cyber-sierra/assets/img/threat-intelligence.svg]
[cybersierra.co/platform-threat-intelligence/index.html]
[cybersierra.co/wp-content/themes/cyber-sierra/assets/img/employee-security-training.svg]
[cybersierra.co/platform-employee-security-training/index.html]
[cybersierra.co/wp-content/themes/cyber-sierra/assets/img/cyber-insurance.svg]
[cybersierra.co/platform-cyber-insurance/index.html]
[cybersierra.co/wp-content/themes/cyber-sierra/custom-blocks/hero-title/img/hero-backdrop.webp]
[cybersierra.co/wp-content/themes/cyber-sierra/custom-blocks/hero-title/img/hero-background.webp]
[cybersierra.co/wp-content/themes/cyber-sierra/custom-blocks/hero-title/img/hero-backdrop-footer.svg]
[cybersierra.co/wp-content/uploads/2023/11/Frame-1410129291.svg]
[cybersierra.co/wp-content/uploads/2023/11/hybr1d-logo-svg-3.svg]
[cybersierra.co/wp-content/uploads/2023/11/Frame-1410129288.svg]
[cybersierra.co/wp-content/uploads/2023/11/Frame-1410129289.svg]
[cybersierra.co/wp-content/uploads/2023/11/yocket-svg-FullLogo-1-1.svg]
[cybersierra.co/wp-content/uploads/2023/11/Frame-1410129287.svg]
[cybersierra.co/wp-content/themes/cyber-sierra/custom-blocks/problem-solution/img/checkbox.svg]
[cybersierra.co/wp-content/themes/cyber-sierra/assets/img/caret-right.svg]
[cybersierra.co/wp-content/uploads/2023/11/CCM-Visual-1.png]
[cybersierra.co/wp-content/uploads/2023/11/TPRM-Visual-1.png]
[cybersierra.co/wp-content/uploads/2023/11/Governance-Visual-1.png]
[cybersierra.co/wp-content/themes/cyber-sierra/custom-blocks/problem-solution/img/bottom-backdrop.svg]
[cybersierra.co/wp-content/themes/cyber-sierra/custom-blocks/problem-solution/img/north-start-min.gif]
[cybersierra.co/platform-ccm/index.html]
[cybersierra.co/wp-content/themes/cyber-sierra/custom-blocks/home-diagram/img/Diagram_Background.gif]
[cybersierra.co/wp-content/themes/cyber-sierra/custom-blocks/home-diagram/img/whitesection.svg]
[cybersierra.co/industry/manufacturing/index.html]
[cybersierra.co/wp-content/uploads/2023/11/hom-di-des.png]
[cybersierra.co/wp-content/uploads/2023/11/home-dia-tab.png]
[cybersierra.co/wp-content/uploads/2023/11/home-dia-mo.png]
[cybersierra.co/wp-content/uploads/2023/11/home-icon-1.png]
[cybersierra.co/wp-content/themes/cyber-sierra/assets/img/toaster-icon.svg]
[cybersierra.co/wp-content/uploads/2023/11/home-icon-2.png]
[cybersierra.co/wp-content/uploads/2023/11/home-icon-3.png]
[cybersierra.co/wp-content/uploads/2024/03/Blogs-43.png]
[cybersierra.co/wp-content/uploads/2024/03/Blogs-43-1.png]
[cybersierra.co/wp-content/uploads/2024/11/Trailblazers.jpg]
[cybersierra.co/wp-content/themes/cyber-sierra/custom-blocks/text-with-cta/img/home-cta-background.png]
[cybersierra.co/wp-content/themes/cyber-sierra/assets/img/footer-background.svg]
[cybersierra.co/wp-content/themes/cyber-sierra/assets/img/cyber-sierra-logo-light.svg]
[cybersierra.co/wp-content/uploads/2023/11/linkedin.svg]
[cybersierra.co/wp-content/uploads/2023/11/Vector-5.svg]
[cybersierra.co/wp-content/uploads/2023/11/Group-1.svg]
[cybersierra.co/wp-content/themes/cyber-sierra/assets/img/ISO-27001.svg]
[cybersierra.co/blog/grc-framework/index.html]
[cybersierra.co/blog/third-party-risk-management-guide/index.html]
[cybersierra.co/blog/continuous-control-monitoring-what-it-is-and-why-it-is-important/index.html]
[cybersierra.co/contact-us/index.html]
[cybersierra.co/data-protection-privacy-policy/index.html]
[cybersierra.co/terms-and-conditions/index.html]
[cybersierra.co/glossary/index.html]
[cybersierra.co/report-on-continuous-control-monitoring/index.html]
[cybersierra.co/wp-content/plugins/contact-form-7/includes/swv/js/indexcfaa.js]
[cybersierra.co/wp-content/plugins/contact-form-7/includes/js/indexcfaa.js]
[cybersierra.co/wp-content/themes/cyber-sierra/js/navigation5bf7.js]
[cybersierra.co/wp-content/themes/cyber-sierra/vendors/bootstrap/js/bootstrap.bundle.min5bf7.js]
[cybersierra.co/wp-content/themes/cyber-sierra/vendors/slick/slick.min5bf7.js]
[cybersierra.co/wp-content/themes/cyber-sierra/vendors/jquery-visible/jquery-visible.min5bf7.js]
[cdnjs.cloudflare.com/ajax/libs/waypoints/4.0.1/noframework.waypoints.min5bf7.js]
[cybersierra.co/wp-content/themes/cyber-sierra/assets/js/cyber-sierra5bf7.js]
[cybersierra.co/wp-content/plugins/wp-smushit/app/assets/js/smush-lazy-load.minbb93.js]
[cybersierra.co/wp-content/plugins/advanced-custom-fields-pro/assets/build/js/acf.min1b46.js]
[cybersierra.co/wp-content/themes/cyber-sierra/custom-blocks/hero-title/js/script.min8a54.js]
[cybersierra.co/wp-content/themes/cyber-sierra/custom-blocks/problem-solution/js/script.min8a54.js]
[cybersierra.co/wp-content/themes/cyber-sierra/custom-blocks/features/js/script.min8a54.js]
[cybersierra.co/index.html]
[cybersierra.co/wp-content/themes/cyber-sierra/assets/img/hamburger-dark.svg]
[cybersierra.co/wp-content/themes/cyber-sierra/assets/img/hamburger-toggle-dark.svg]
[cybersierra.co/wp-content/plugins/menu-image/includes/css/menu-image6173.css]
[cybersierra.co/wp-includes/css/dashicons.minae48.css]
[cybersierra.co/wp-content/themes/cyber-sierra/style5bf7.css]
[cybersierra.co/wp-content/themes/cyber-sierra/vendors/bootstrap/css/bootstrap.min5bf7.css]
[cybersierra.co/wp-content/themes/cyber-sierra/vendors/slick/slick5bf7.css]
[cybersierra.co/wp-content/themes/cyber-sierra/vendors/slick/slick-theme5bf7.css]
[cybersierra.co/wp-content/themes/cyber-sierra/assets/css/cyber-sierra.min5bf7.css]
[cybersierra.co/wp-content/themes/cyber-sierra/assets/css/custom.min5bf7.css]
[cybersierra.co/wp-includes/js/jquery/jquery.mina767.js]
[cybersierra.co/wp-content/plugins/mailchimp/js/scrollTo0322.js]
[cybersierra.co/wp-includes/js/jquery/jquery.form.minb2f9.js]
[cybersierra.co/wp-content/plugins/mailchimp/js/mailchimp0322.js]
[cybersierra.co/wp-includes/js/jquery/ui/core.min3f14.js]
[cybersierra.co/wp-content/plugins/mailchimp/js/datepickerae48.js]
[cybersierra.co/wp-content/plugins/cookie-law-info/lite/frontend/js/script.min6173.js]
[cybersierra.co/wp-content/plugins/google-analytics-premium/assets/js/frontend-gtag.min1dc6.js]
[cybersierra.co/xmlrpc0db0.html]
[cybersierra.co/blog/cyber-sierra-recognized-in-the-gartner-hype-cycle/index.html]
[cybersierra.co/pricing/index.html]
[cybersierra.co/about-us/index.html]
[cybersierra.co/blog/index.html]
[cybersierra.co/wp-content/uploads/2024/03/file-06.svg]
[cybersierra.co/case-studies/index.html]
[cybersierra.co/wp-content/uploads/2024/03/file-search-02.svg]
[cybersierra.co/newsletter/index.html]
[cybersierra.co/wp-content/uploads/2024/03/mail-01-1.svg]
[cybersierra.co/podcast-2/index.html]
[cybersierra.co/wp-content/uploads/2024/03/podcast.svg]
[cybersierra.co/book-a-demo/index.html]
[cybersierra.co/wp-content/themes/cyber-sierra/assets/img/hamburger-close.svg]
[cybersierra.co/use-case/ccm/index.html]
[cybersierra.co/wp-content/themes/cyber-sierra/assets/img/usecase-ccm.svg]
[cybersierra.co/use-case/tprm/index.html]
[cybersierra.co/wp-content/themes/cyber-sierra/assets/img/usecase-tprm.svg]
[cybersierra.co/use-case/grc/index.html]
[cybersierra.co/wp-content/themes/cyber-sierra/assets/img/usecase-grc.svg]
[cybersierra.co/industry/bfsi/index.html]
[cybersierra.co/wp-content/themes/cyber-sierra/assets/img/industry-bfsi.svg]
[cybersierra.co/wp-content/themes/cyber-sierra/assets/img/industry-manufacturing.svg]
[cybersierra.co/industry/health-tech/index.html]
[cybersierra.co/wp-content/themes/cyber-sierra/assets/img/ccm.svg]
[cybersierra.co/platform-tprm/index.html]
[cybersierra.co/wp-content/themes/cyber-sierra/assets/img/tprm.svg]
[cybersierra.co/platform-governance-risk-compliance/index.html]
[cybersierra.co/wp-content/themes/cyber-sierra/assets/img/grc.svg]
[cybersierra.co/platform-threat-intelligence/index.html]
[cybersierra.co/wp-content/themes/cyber-sierra/assets/img/threat-intelligence.svg]
[cybersierra.co/platform-employee-security-training/index.html]
[cybersierra.co/wp-content/themes/cyber-sierra/assets/img/employee-security-training.svg]
[cybersierra.co/platform-cyber-insurance/index.html]
[cybersierra.co/wp-content/themes/cyber-sierra/assets/img/cyber-insurance.svg]
[cybersierra.co/wp-content/themes/cyber-sierra/custom-blocks/hero-title/img/hero-backdrop-footer.svg]
[cybersierra.co/wp-content/uploads/2023/11/Frame-1410129291.svg]
[cybersierra.co/wp-content/uploads/2023/11/hybr1d-logo-svg-3.svg]
[cybersierra.co/wp-content/uploads/2023/11/Frame-1410129288.svg]
[cybersierra.co/wp-content/uploads/2023/11/Frame-1410129289.svg]
[cybersierra.co/wp-content/uploads/2023/11/yocket-svg-FullLogo-1-1.svg]
[cybersierra.co/wp-content/uploads/2023/11/Frame-1410129287.svg]
[cybersierra.co/wp-content/themes/cyber-sierra/custom-blocks/problem-solution/img/checkbox.svg]
[cybersierra.co/platform-ccm/index.html]
[cybersierra.co/wp-content/themes/cyber-sierra/assets/img/caret-right.svg]
[cybersierra.co/wp-content/themes/cyber-sierra/custom-blocks/problem-solution/img/bottom-backdrop.svg]
[cybersierra.co/industry/manufacturing/index.html]
[cybersierra.co/wp-content/themes/cyber-sierra/custom-blocks/home-diagram/img/whitesection.svg]
[cybersierra.co/wp-content/themes/cyber-sierra/assets/img/toaster-icon.svg]
[cybersierra.co/wp-content/themes/cyber-sierra/assets/img/footer-background.svg]
[cybersierra.co/wp-content/themes/cyber-sierra/assets/img/cyber-sierra-logo-light.svg]
[cybersierra.co/blog/grc-framework/index.html]
[cybersierra.co/blog/third-party-risk-management-guide/index.html]
[cybersierra.co/blog/continuous-control-monitoring-what-it-is-and-why-it-is-important/index.html]
[cybersierra.co/glossary/index.html]
[cybersierra.co/contact-us/index.html]
[cybersierra.co/wp-content/uploads/2023/11/linkedin.svg]
[cybersierra.co/wp-content/uploads/2023/11/Vector-5.svg]
[cybersierra.co/wp-content/uploads/2023/11/Group-1.svg]
[cybersierra.co/wp-content/themes/cyber-sierra/assets/img/ISO-27001.svg]
[cybersierra.co/data-protection-privacy-policy/index.html]
[cybersierra.co/terms-and-conditions/index.html]
[cybersierra.co/report-on-continuous-control-monitoring/index.html]
[cybersierra.co/wp-admin/admin-ajax.html]
[cybersierra.co/wp-content/plugins/contact-form-7/includes/swv/js/indexcfaa.js]
[cybersierra.co/wp-content/plugins/contact-form-7/includes/js/indexcfaa.js]
[cybersierra.co/wp-content/themes/cyber-sierra/js/navigation5bf7.js]
[cybersierra.co/wp-content/themes/cyber-sierra/vendors/bootstrap/js/bootstrap.bundle.min5bf7.js]
[cybersierra.co/wp-content/themes/cyber-sierra/vendors/slick/slick.min5bf7.js]
[cybersierra.co/wp-content/themes/cyber-sierra/vendors/jquery-visible/jquery-visible.min5bf7.js]
[cybersierra.co/wp-content/themes/cyber-sierra/assets/js/cyber-sierra5bf7.js]
[cybersierra.co/wp-content/plugins/wp-smushit/app/assets/js/smush-lazy-load.minbb93.js]
[cybersierra.co/wp-content/plugins/advanced-custom-fields-pro/assets/build/js/acf.min1b46.js]
[cybersierra.co/wp-content/themes/cyber-sierra/custom-blocks/hero-title/js/script.min8a54.js]
[cybersierra.co/wp-content/themes/cyber-sierra/custom-blocks/problem-solution/js/script.min8a54.js]
[cybersierra.co/wp-content/themes/cyber-sierra/custom-blocks/features/js/script.min8a54.js]
